// Jest Snapshot v1, https://goo.gl/fbAQLP

exports[`should render component 1`] = `
<DocumentFragment>
  <div
    class="search"
  >
    <input
      class="input"
      placeholder="What do you want to watch?"
    />
    <button
      class="button"
    >
      SEARCH
    </button>
  </div>
</DocumentFragment>
`;

exports[`snapshot 1`] = `
<DocumentFragment>
  <div
    class="search"
  >
    <input
      class="input"
      placeholder="What do you want to watch?"
    />
    <button
      class="button"
    >
      SEARCH
    </button>
  </div>
</DocumentFragment>
`;
